[  7%] Building CXX object CMakeFiles/SpectralTable.dir/src/PluginProcessor.cpp.o
[  7%] Built target juce_vst3_helper
[  7%] Building C object CMakeFiles/SpectralTable.dir/_deps/juce-src/modules/juce_graphics/juce_graphics_Sheenbidi.c.o
[  7%] Building CXX object CMakeFiles/SpectralTable.dir/_deps/juce-src/modules/juce_graphics/juce_graphics_Harfbuzz.cpp.o
[  8%] Building CXX object CMakeFiles/SpectralTable.dir/_deps/juce-src/modules/juce_graphics/juce_graphics.mm.o
[  9%] Building CXX object CMakeFiles/SpectralTable.dir/_deps/juce-src/modules/juce_events/juce_events.mm.o
/Users/jlof/spectraltable/plugin/src/PluginProcessor.cpp:149:14: warning: implicit conversion changes signedness: 'int' to 'size_type' (aka 'unsigned long') [-Wsign-conversion]
  149 |     adsrBuf_[i] = adsr_.advance();
      |     ~~~~~~~~ ^
/Users/jlof/spectraltable/plugin/src/PluginProcessor.cpp:161:14: warning: implicit conversion changes signedness: 'int' to 'size_type' (aka 'unsigned long') [-Wsign-conversion]
  161 |     adsrBuf_[i] *= mvol;
      |     ~~~~~~~~ ^
/Users/jlof/spectraltable/plugin/src/PluginProcessor.cpp:202:32: warning: implicit conversion changes signedness: 'int' to 'size_type' (aka 'unsigned long') [-Wsign-conversion]
  202 |   std::vector<float> path(resX * 3);
      |                      ~~~~ ~~~~~^~~
/Users/jlof/spectraltable/plugin/src/PluginProcessor.cpp:214:23: warning: implicit conversion changes signedness: 'int' to 'size_type' (aka 'unsigned long') [-Wsign-conversion]
  214 |   sd.data.resize(resX * 4);
      |           ~~~~~~ ~~~~~^~~
/Users/jlof/spectraltable/plugin/src/PluginProcessor.cpp:216:27: warning: implicit conversion changes signedness: 'int' to 'size_type' (aka 'unsigned long') [-Wsign-conversion]
  216 |     float x = (path[i * 3 + 0] * 0.5f) + 0.5f;
      |                ~~~~ ~~~~~~^~~
/Users/jlof/spectraltable/plugin/src/PluginProcessor.cpp:217:27: warning: implicit conversion changes signedness: 'int' to 'size_type' (aka 'unsigned long') [-Wsign-conversion]
  217 |     float y = (path[i * 3 + 1] * 0.5f) + pathY;
      |                ~~~~ ~~~~~~^~~
/Users/jlof/spectraltable/plugin/src/PluginProcessor.cpp:218:27: warning: implicit conversion changes signedness: 'int' to 'size_type' (aka 'unsigned long') [-Wsign-conversion]
  218 |     float z = (path[i * 3 + 2] * 0.5f) + 0.5f;
      |                ~~~~ ~~~~~~^~~
/Users/jlof/spectraltable/plugin/src/PluginProcessor.cpp:224:39: warning: implicit conversion changes signedness: 'int' to 'size_type' (aka 'unsigned long') [-Wsign-conversion]
  224 |     volume.sample(x, y, z, &sd.data[i * 4]);
      |                             ~~      ~~^~~
8 warnings generated.
[ 11%] Building CXX object CMakeFiles/SpectralTable.dir/_deps/juce-src/modules/juce_core/juce_core_CompilationTime.cpp.o
[ 12%] Building CXX object CMakeFiles/SpectralTable.dir/_deps/juce-src/modules/juce_core/juce_core.mm.o
[ 14%] Building CXX object CMakeFiles/SpectralTable.dir/_deps/juce-src/modules/juce_data_structures/juce_data_structures.mm.o
[ 15%] Building CXX object CMakeFiles/SpectralTable.dir/_deps/juce-src/modules/juce_audio_basics/juce_audio_basics.mm.o
[ 16%] Building CXX object CMakeFiles/SpectralTable.dir/_deps/juce-src/modules/juce_audio_devices/juce_audio_devices.mm.o
[ 18%] Building CXX object CMakeFiles/SpectralTable.dir/_deps/juce-src/modules/juce_audio_formats/juce_audio_formats.mm.o
[ 19%] Building CXX object CMakeFiles/SpectralTable.dir/_deps/juce-src/modules/juce_audio_utils/juce_audio_utils.mm.o
[ 21%] Building CXX object CMakeFiles/SpectralTable.dir/_deps/juce-src/modules/juce_dsp/juce_dsp.mm.o
[ 22%] Building CXX object CMakeFiles/SpectralTable.dir/_deps/juce-src/modules/juce_opengl/juce_opengl.mm.o
[ 23%] Linking CXX static library "SpectralTable_artefacts/libSpectra Table_SharedCode.a"
[ 45%] Built target SpectralTable
[ 49%] Generating SpectralTable_artefacts/JuceLibraryCode/SpectralTable_Standalone/PkgInfo
[ 49%] Generating SpectralTable_artefacts/JuceLibraryCode/SpectralTable_VST3/PkgInfo
[ 49%] Generating SpectralTable_artefacts/JuceLibraryCode/SpectralTable_AU/PkgInfo
[ 52%] Building CXX object CMakeFiles/SpectralTable_Standalone.dir/_deps/juce-src/modules/juce_audio_plugin_client/juce_audio_plugin_client_AAX_utils.cpp.o
[ 52%] Building CXX object CMakeFiles/SpectralTable_Standalone.dir/_deps/juce-src/modules/juce_audio_plugin_client/juce_audio_plugin_client_ARA.cpp.o
[ 54%] Building CXX object CMakeFiles/SpectralTable_AU.dir/_deps/juce-src/modules/juce_audio_plugin_client/juce_audio_plugin_client_AAX_utils.cpp.o
[ 54%] Building CXX object CMakeFiles/SpectralTable_VST3.dir/_deps/juce-src/modules/juce_audio_plugin_client/juce_audio_plugin_client_AAX_utils.cpp.o
[ 56%] Building CXX object CMakeFiles/SpectralTable_VST3.dir/_deps/juce-src/modules/juce_audio_plugin_client/juce_audio_plugin_client_ARA.cpp.o
[ 57%] Building CXX object CMakeFiles/SpectralTable_Standalone.dir/_deps/juce-src/modules/juce_audio_plugin_client/juce_audio_plugin_client_Standalone.cpp.o
[ 60%] Building CXX object CMakeFiles/SpectralTable_AU.dir/_deps/juce-src/modules/juce_audio_plugin_client/juce_audio_plugin_client_ARA.cpp.o
[ 60%] Building CXX object CMakeFiles/SpectralTable_Standalone.dir/_deps/juce-src/modules/juce_audio_plugin_client/juce_audio_plugin_client_Unity.cpp.o
[ 61%] Building CXX object CMakeFiles/SpectralTable_VST3.dir/_deps/juce-src/modules/juce_audio_plugin_client/juce_audio_plugin_client_Standalone.cpp.o
[ 63%] Building CXX object CMakeFiles/SpectralTable_AU.dir/_deps/juce-src/modules/juce_audio_plugin_client/juce_audio_plugin_client_Standalone.cpp.o
[ 64%] Building CXX object CMakeFiles/SpectralTable_Standalone.dir/_deps/juce-src/modules/juce_audio_plugin_client/juce_audio_plugin_client_AAX.mm.o
[ 66%] Building CXX object CMakeFiles/SpectralTable_VST3.dir/_deps/juce-src/modules/juce_audio_plugin_client/juce_audio_plugin_client_Unity.cpp.o
[ 67%] Building CXX object CMakeFiles/SpectralTable_AU.dir/_deps/juce-src/modules/juce_audio_plugin_client/juce_audio_plugin_client_Unity.cpp.o
[ 69%] Building CXX object CMakeFiles/SpectralTable_VST3.dir/_deps/juce-src/modules/juce_audio_plugin_client/juce_audio_plugin_client_AAX.mm.o
[ 71%] Building CXX object CMakeFiles/SpectralTable_Standalone.dir/_deps/juce-src/modules/juce_audio_plugin_client/juce_audio_plugin_client_AU_1.mm.o
[ 71%] Building CXX object CMakeFiles/SpectralTable_AU.dir/_deps/juce-src/modules/juce_audio_plugin_client/juce_audio_plugin_client_AAX.mm.o
[ 73%] Building CXX object CMakeFiles/SpectralTable_VST3.dir/_deps/juce-src/modules/juce_audio_plugin_client/juce_audio_plugin_client_AU_1.mm.o
[ 74%] Building CXX object CMakeFiles/SpectralTable_AU.dir/_deps/juce-src/modules/juce_audio_plugin_client/juce_audio_plugin_client_AU_1.mm.o
[ 77%] Building CXX object CMakeFiles/SpectralTable_VST3.dir/_deps/juce-src/modules/juce_audio_plugin_client/juce_audio_plugin_client_AU_2.mm.o
[ 77%] Building CXX object CMakeFiles/SpectralTable_AU.dir/_deps/juce-src/modules/juce_audio_plugin_client/juce_audio_plugin_client_AU_2.mm.o
[ 78%] Building CXX object CMakeFiles/SpectralTable_VST3.dir/_deps/juce-src/modules/juce_audio_plugin_client/juce_audio_plugin_client_AUv3.mm.o
[ 80%] Building CXX object CMakeFiles/SpectralTable_VST3.dir/_deps/juce-src/modules/juce_audio_plugin_client/juce_audio_plugin_client_LV2.mm.o
[ 81%] Building CXX object CMakeFiles/SpectralTable_VST3.dir/_deps/juce-src/modules/juce_audio_plugin_client/juce_audio_plugin_client_VST2.mm.o
[ 83%] Building CXX object CMakeFiles/SpectralTable_VST3.dir/_deps/juce-src/modules/juce_audio_plugin_client/juce_audio_plugin_client_VST3.mm.o
[ 84%] Building CXX object CMakeFiles/SpectralTable_Standalone.dir/_deps/juce-src/modules/juce_audio_plugin_client/juce_audio_plugin_client_AU_2.mm.o
[ 85%] Building CXX object CMakeFiles/SpectralTable_AU.dir/_deps/juce-src/modules/juce_audio_plugin_client/juce_audio_plugin_client_AUv3.mm.o
[ 87%] Building CXX object CMakeFiles/SpectralTable_Standalone.dir/_deps/juce-src/modules/juce_audio_plugin_client/juce_audio_plugin_client_AUv3.mm.o
[ 88%] Building CXX object CMakeFiles/SpectralTable_AU.dir/_deps/juce-src/modules/juce_audio_plugin_client/juce_audio_plugin_client_LV2.mm.o
[ 90%] Building CXX object CMakeFiles/SpectralTable_Standalone.dir/_deps/juce-src/modules/juce_audio_plugin_client/juce_audio_plugin_client_LV2.mm.o
[ 91%] Building CXX object CMakeFiles/SpectralTable_Standalone.dir/_deps/juce-src/modules/juce_audio_plugin_client/juce_audio_plugin_client_VST2.mm.o
[ 92%] Building CXX object CMakeFiles/SpectralTable_AU.dir/_deps/juce-src/modules/juce_audio_plugin_client/juce_audio_plugin_client_VST2.mm.o
[ 94%] Building CXX object CMakeFiles/SpectralTable_Standalone.dir/_deps/juce-src/modules/juce_audio_plugin_client/juce_audio_plugin_client_VST3.mm.o
Copying OS X content SpectralTable_artefacts/Standalone/Spectra Table.app/Contents/Resources/RecentFilesMenuTemplate.nib
[ 95%] Building CXX object CMakeFiles/SpectralTable_AU.dir/_deps/juce-src/modules/juce_audio_plugin_client/juce_audio_plugin_client_VST3.mm.o
[ 97%] Linking CXX executable "SpectralTable_artefacts/Standalone/Spectra Table.app/Contents/MacOS/Spectra Table"
[ 97%] Built target SpectralTable_Standalone
[ 98%] Linking CXX CFBundle shared module "SpectralTable_artefacts/AU/Spectra Table.component/Contents/MacOS/Spectra Table"
[ 98%] Built target SpectralTable_AU
[100%] Linking CXX CFBundle shared module "SpectralTable_artefacts/VST3/Spectra Table.vst3/Contents/MacOS/Spectra Table"
/Users/jlof/spectraltable/plugin/build/SpectralTable_artefacts/VST3/Spectra Table.vst3: code has no resources but signature indicates they must be present
-- Replacing invalid signature with ad-hoc signature
/Users/jlof/spectraltable/plugin/build/SpectralTable_artefacts/VST3/Spectra Table.vst3: replacing existing signature
removing moduleinfo.json
creating /Users/jlof/spectraltable/plugin/build/SpectralTable_artefacts//VST3/Spectra Table.vst3/Contents/Resources/moduleinfo.json
[100%] Built target SpectralTable_VST3
